⚠️  MongoDB no disponible, usando mock data
   Intenta instalar MongoDB localmente o usa: mongodb://localhost:27017/noahlink-pro
🔍 Scanning for devices on win32...
✅ Found 2 device(s) via NoahLink Wireless
🎧 Found 2 hearing aid(s)

╔════════════════════════════════════════════════════════╗
║          NoahLink Pro Backend Server                  ║
║          Version 0.5.0 - JWT Authentication           ║
║          🎧 Real Device Detection Enabled             ║
╚════════════════════════════════════════════════════════╝

✅ Servidor escuchando en puerto 3000
📝 Usando mock data (MongoDB no disponible)
🔐 JWT Authentication habilitado
🎧 Audífonos detectados: 2
   • Phonak Sky L 90-UP (L) (Sky L 90-UP) - Batería: 99%
   • Phonak Sky L 90-UP (R) (Sky L 90-UP) - Batería: 99%

📚 ENDPOINTS DISPONIBLES:

Phase 1 (Device Control):
  • GET    /api/v1/devices
  • POST   /api/v1/devices/:deviceId/connect
  • POST   /api/v1/devices/:deviceId/disconnect
  • GET    /api/v1/devices/:deviceId/status
  • GET    /api/v1/devices/:deviceId/battery
  • POST   /api/v1/devices/:deviceId/volume

Phase 3 (Advanced Features):
  📋 Programs:
    • GET    /api/v1/programs
    • GET    /api/v1/programs/:programId
    • POST   /api/v1/programs
    • PUT    /api/v1/programs/:programId
    • DELETE /api/v1/programs/:programId

  📊 Analytics:
    • GET    /api/v1/analytics/trends
    • GET    /api/v1/analytics/distribution
    • GET    /api/v1/analytics/insights

  👤 Profiles:
    • GET    /api/v1/profiles
    • GET    /api/v1/profiles/:profileId
    • POST   /api/v1/profiles
    • PUT    /api/v1/profiles/:profileId
    • DELETE /api/v1/profiles/:profileId

  ⚙️ Settings:
    • GET    /api/v1/settings
    • PUT    /api/v1/settings
    • POST   /api/v1/settings/reset

  🔔 Alerts:
    • GET    /api/v1/alerts
    • GET    /api/v1/alerts/:alertId
    • POST   /api/v1/alerts
    • PUT    /api/v1/alerts/:alertId
    • DELETE /api/v1/alerts/:alertId
    • POST   /api/v1/alerts/mark-all/read
    • DELETE /api/v1/alerts (delete all)

📡 Test: curl http://localhost:3000/health
  
