
> noahlink-pro-desktop@0.1.0 start
> concurrently "npm run react-start" "wait-on http://localhost:3001 && npm run electron-start"

(node:21064) [DEP0060] DeprecationWarning: The `util._extend` API is deprecated. Please use Object.assign() instead.
(Use `node --trace-deprecation ...` to show where the warning was created)
[0] 
[0] > noahlink-pro-desktop@0.1.0 react-start
[0] > cross-env PORT=3001 react-scripts start
[0] 
[0] (node:25196) [DEP0176] DeprecationWarning: fs.F_OK is deprecated, use fs.constants.F_OK instead
[0] (Use `node --trace-deprecation ...` to show where the warning was created)
[0] (node:25196) [DEP_WEBPACK_DEV_SERVER_ON_AFTER_SETUP_MIDDLEWARE] DeprecationWarning: 'onAfterSetupMiddleware' option is deprecated. Please use the 'setupMiddlewares' option.
[0] (node:25196) [DEP_WEBPACK_DEV_SERVER_ON_BEFORE_SETUP_MIDDLEWARE] DeprecationWarning: 'onBeforeSetupMiddleware' option is deprecated. Please use the 'setupMiddlewares' option.
[0] Starting the development server...
[0] 
[0] Compiled with warnings.
[0] 
[0] [eslint] 
[0] src\components\AdvancedAnalytics.jsx
[0]   Line 6:10:  'selectedMetric' is assigned a value but never used     no-unused-vars
[0]   Line 6:26:  'setSelectedMetric' is assigned a value but never used  no-unused-vars
[0]   Line 8:9:   'metrics' is assigned a value but never used            no-unused-vars
[0] 
[0] src\components\BatteryChart.jsx
[0]   Line 3:3:  'LineChart' is defined but never used  no-unused-vars
[0]   Line 4:3:  'Line' is defined but never used       no-unused-vars
[0] 
[0] src\components\Dashboard.jsx
[0]   Line 26:10:  'darkMode' is assigned a value but never used  no-unused-vars
[0] 
[0] src\components\EventLog.jsx
[0]   Line 32:6:  React Hook useEffect has missing dependencies: 'fetchEvents' and 'fetchStats'. Either include them or remove the dependency array  react-hooks/exhaustive-deps
[0] 
[0] src\components\ProgramManager.jsx
[0]   Line 15:6:  React Hook useEffect has a missing dependency: 'fetchPrograms'. Either include it or remove the dependency array  react-hooks/exhaustive-deps
[0] 
[0] src\components\RealtimeMonitor.jsx
[0]   Line 17:9:  'batteryStatus' is assigned a value but never used  no-unused-vars
[0] 
[0] src\components\VolumeSlider.jsx
[0]   Line 9:10:  'isMuted' is assigned a value but never used                                                                    no-unused-vars
[0]   Line 14:6:  React Hook useEffect has a missing dependency: 'fetchVolume'. Either include it or remove the dependency array  react-hooks/exhaustive-deps
[0] 
[0] Search for the keywords to learn more about each warning.
[0] To ignore, add // eslint-disable-next-line to the line before.
[0] 
[0] [1m[33mWARNING[39m[22m in [1m[eslint] 
[0] src\components\AdvancedAnalytics.jsx
[0]   Line 6:10:  'selectedMetric' is assigned a value but never used     no-unused-vars
[0]   Line 6:26:  'setSelectedMetric' is assigned a value but never used  no-unused-vars
[0]   Line 8:9:   'metrics' is assigned a value but never used            no-unused-vars
[0] 
[0] src\components\BatteryChart.jsx
[0]   Line 3:3:  'LineChart' is defined but never used  no-unused-vars
[0]   Line 4:3:  'Line' is defined but never used       no-unused-vars
[0] 
[0] src\components\Dashboard.jsx
[0]   Line 26:10:  'darkMode' is assigned a value but never used  no-unused-vars
[0] 
[0] src\components\EventLog.jsx
[0]   Line 32:6:  React Hook useEffect has missing dependencies: 'fetchEvents' and 'fetchStats'. Either include them or remove the dependency array  react-hooks/exhaustive-deps
[0] 
[0] src\components\ProgramManager.jsx
[0]   Line 15:6:  React Hook useEffect has a missing dependency: 'fetchPrograms'. Either include it or remove the dependency array  react-hooks/exhaustive-deps
[0] 
[0] src\components\RealtimeMonitor.jsx
[0]   Line 17:9:  'batteryStatus' is assigned a value but never used  no-unused-vars
[0] 
[0] src\components\VolumeSlider.jsx
[0]   Line 9:10:  'isMuted' is assigned a value but never used                                                                    no-unused-vars
[0]   Line 14:6:  React Hook useEffect has a missing dependency: 'fetchVolume'. Either include it or remove the dependency array  react-hooks/exhaustive-deps
[0] 
[0] [39m[22m
[0] 
[0] webpack compiled with [1m[33m1 warning[39m[22m
[0] (node:25196) [DEP0060] DeprecationWarning: The `util._extend` API is deprecated. Please use Object.assign() instead.
[0] Proxy error: Could not proxy request /main.0bef326c4191404bc012.hot-update.json from localhost:3001 to http://localhost:3000/.
[0] See https://nodejs.org/api/errors.html#errors_common_system_errors for more information (ECONNREFUSED).
[0] 
[0] Proxy error: Could not proxy request /api/v1/devices from localhost:3001 to http://localhost:3000/.
[0] See https://nodejs.org/api/errors.html#errors_common_system_errors for more information (ECONNREFUSED).
[0] 
[0] Proxy error: Could not proxy request /api/v1/devices from localhost:3001 to http://localhost:3000/.
[0] See https://nodejs.org/api/errors.html#errors_common_system_errors for more information (ECONNREFUSED).
[0] 
[1] 
[1] > noahlink-pro-desktop@0.1.0 electron-start
[1] > cross-env NODE_ENV=development electron public/electron.js
[1] 
[1] 
[0] Proxy error: Could not proxy request /api/v1/devices from localhost:3001 to http://localhost:3000/.
[0] See https://nodejs.org/api/errors.html#errors_common_system_errors for more information (ECONNREFUSED).
[0] 
[0] Proxy error: Could not proxy request /api/v1/devices from localhost:3001 to http://localhost:3000/.
[0] See https://nodejs.org/api/errors.html#errors_common_system_errors for more information (ECONNREFUSED).
[0] 
