
> noahlink-pro-desktop@0.1.0 react-start
> cross-env PORT=3001 react-scripts start

(node:19428) [DEP0176] DeprecationWarning: fs.F_OK is deprecated, use fs.constants.F_OK instead
(Use `node --trace-deprecation ...` to show where the warning was created)
[HPM] Proxy created: /  -> http://localhost:3000
(node:19428) [DEP_WEBPACK_DEV_SERVER_ON_AFTER_SETUP_MIDDLEWARE] DeprecationWarning: 'onAfterSetupMiddleware' option is deprecated. Please use the 'setupMiddlewares' option.
(node:19428) [DEP_WEBPACK_DEV_SERVER_ON_BEFORE_SETUP_MIDDLEWARE] DeprecationWarning: 'onBeforeSetupMiddleware' option is deprecated. Please use the 'setupMiddlewares' option.
Starting the development server...

Compiled successfully!

You can now view noahlink-pro-desktop in the browser.

  Local:            http://localhost:3001
  On Your Network:  http://192.168.80.28:3001

Note that the development build is not optimized.
To create a production build, use npm run build.

webpack compiled [1m[32msuccessfully[39m[22m
(node:19428) [DEP0060] DeprecationWarning: The `util._extend` API is deprecated. Please use Object.assign() instead.
Proxy error: Could not proxy request /favicon.ico from localhost:3001 to http://localhost:3000/.
See https://nodejs.org/api/errors.html#errors_common_system_errors for more information (ECONNREFUSED).

Compiling...
Compiled with warnings.

[eslint] 
src\components\VolumeSlider.jsx
  Line 9:10:  'isMuted' is assigned a value but never used                                                                    no-unused-vars
  Line 14:6:  React Hook useEffect has a missing dependency: 'fetchVolume'. Either include it or remove the dependency array  react-hooks/exhaustive-deps

Search for the keywords to learn more about each warning.
To ignore, add // eslint-disable-next-line to the line before.

[1m[33mWARNING[39m[22m in [1m[eslint] 
src\components\VolumeSlider.jsx
  Line 9:10:  'isMuted' is assigned a value but never used                                                                    no-unused-vars
  Line 14:6:  React Hook useEffect has a missing dependency: 'fetchVolume'. Either include it or remove the dependency array  react-hooks/exhaustive-deps

[39m[22m

webpack compiled with [1m[33m1 warning[39m[22m
